
> universal-booking-app@0.1.0 build
> next build

node.exe :  ΓÜá 
`eslint` 
configuration in 
next.config.ts is no 
longer supported. 
See more info here: h
ttps://nextjs.org/doc
s/app/api-reference/c
li/next#next-lint-opt
ions
At line:1 char:1
+ & "C:\Program Files
\nodejs/node.exe" 
"C:\Program 
Files\nodejs/node_mo 
...
+ ~~~~~~~~~~~~~~~~~~~
~~~~~~~~~~~~~~~~~~~~~
~~~~~~~~~~~~~~~~~~~~~
~~~~~~~~
    + CategoryInfo   
           : NotSpe  
  cified: ( ΓÜá `e   
 slint` c...xt-li    
nt-options:Strin    
g) [], RemoteExc    
eption
    + FullyQualified 
   ErrorId : Native  
  CommandError
 
 ΓÜá Invalid 
next.config.ts 
options detected: 
 ΓÜá     
Unrecognized key(s) 
in object: 'eslint'
 ΓÜá See more info 
here: https://nextjs.
org/docs/messages/inv
alid-next-config
   Γû▓ Next.js 16.0.10 (Turbopack)
   - Environments: .env.local

 ΓÜá The 
"middleware" file 
convention is 
deprecated. Please 
use "proxy" instead. 
Learn more: https://n
extjs.org/docs/messag
es/middleware-to-prox
y
   Creating an optimized production build ...

> Build error 
occurred
Error: Turbopack 
build failed with 8 
errors:
./src/app/super-admin
/page.tsx:4:1
Export 
createInvitation 
doesn't exist in 
target module
[0m [90m 2 |[39m
 [90m 3 |[39m 
[36mimport[39m [33
mReact[39m[33m,[39
m { 
useState[33m,[39m 
useEffect } 
[36mfrom[39m [32m'
react'[39m[33m;[39
m
[31m[1m>[22m[39m
[90m 4 |[39m 
[36mimport[39m { ge
tInvitations[33m,[3
9m createInvitation[
33m,[39m 
deleteInvitation } 
[36mfrom[39m [32m'
@/services/dataServic
e'[39m[33m;[39m
 [90m   |[39m [31m
[1m^[22m[39m[31m
[1m^[22m[39m[31m[
1m^[22m[39m[31m[1
m^[22m[39m[31m[1m
^[22m[39m[31m[1m^
[22m[39m[31m[1m^
[22m[39m[31m[1m^[
22m[39m[31m[1m^[2
2m[39m[31m[1m^[22
m[39m[31m[1m^[22m
[39m[31m[1m^[22m
[39m[31m[1m^[22m[
39m[31m[1m^[22m[3
9m[31m[1m^[22m[39
m[31m[1m^[22m[39m
[31m[1m^[22m[39m
[31m[1m^[22m[39m[
31m[1m^[22m[39m[3
1m[1m^[22m[39m[31
m[1m^[22m[39m[31m
[1m^[22m[39m[31m
[1m^[22m[39m[31m[
1m^[22m[39m[31m[1
m^[22m[39m[31m[1m
^[22m[39m[31m[1m^
[22m[39m[31m[1m^
[22m[39m[31m[1m^[
22m[39m[31m[1m^[2
2m[39m[31m[1m^[22
m[39m[31m[1m^[22m
[39m[31m[1m^[22m
[39m[31m[1m^[22m[
39m[31m[1m^[22m[3
9m[31m[1m^[22m[39
m[31m[1m^[22m[39m
[31m[1m^[22m[39m
[31m[1m^[22m[39m[
31m[1m^[22m[39m[3
1m[1m^[22m[39m[31
m[1m^[22m[39m[31m
[1m^[22m[39m[31m
[1m^[22m[39m[31m[
1m^[22m[39m[31m[1
m^[22m[39m[31m[1m
^[22m[39m[31m[1m^
[22m[39m[31m[1m^
[22m[39m[31m[1m^[
22m[39m[31m[1m^[2
2m[39m[31m[1m^[22
m[39m[31m[1m^[22m
[39m[31m[1m^[22m
[39m[31m[1m^[22m[
39m[31m[1m^[22m[3
9m[31m[1m^[22m[39
m[31m[1m^[22m[39m
[31m[1m^[22m[39m
[31m[1m^[22m[39m[
31m[1m^[22m[39m[3
1m[1m^[22m[39m[31
m[1m^[22m[39m[31m
[1m^[22m[39m[31m
[1m^[22m[39m[31m[
1m^[22m[39m[31m[1
m^[22m[39m[31m[1m
^[22m[39m[31m[1m^
[22m[39m[31m[1m^
[22m[39m[31m[1m^[
22m[39m[31m[1m^[2
2m[39m[31m[1m^[22
m[39m[31m[1m^[22m
[39m[31m[1m^[22m
[39m[31m[1m^[22m[
39m[31m[1m^[22m[3
9m[31m[1m^[22m[39
m[31m[1m^[22m[39m
[31m[1m^[22m[39m
[31m[1m^[22m[39m[
31m[1m^[22m[39m[3
1m[1m^[22m[39m[31
m[1m^[22m[39m[31m
[1m^[22m[39m[31m
[1m^[22m[39m[31m[
1m^[22m[39m[31m[1
m^[22m[39m[31m[1m
^[22m[39m[31m[1m^
[22m[39m[31m[1m^
[22m[39m[31m[1m^[
22m[39m
 [90m 5 |[39m 
[36mimport[39m { [
33mPlus[39m[33m,[3
9m [33mTrash2[39m[
33m,[39m [33mCopy[
39m[33m,[39m [33mC
heck[39m[33m,[39m 
[33mShieldAlert[39m
 } [36mfrom[39m [3
2m'lucide-react'[39m
[33m;[39m
 [90m 6 |[39m 
[36mimport[39m { 
[33mButton[39m } 
[36mfrom[39m [32m'
@/components/ui/Butto
n'[39m[33m;[39m
 [90m 7 |[39m[0m

The export 
createInvitation was 
not found in module [
project]/src/services
/dataService.ts 
[app-client] 
(ecmascript).
Did you mean to 
import 
createAppointment?
All exports of the 
module are 
statically known (It 
doesn't have dynamic 
exports). So it's 
known statically 
that the requested 
export doesn't exist.

Import traces:
  Client Component 
Browser:
    ./src/app/super-a
dmin/page.tsx 
[Client Component 
Browser]
    ./src/app/super-a
dmin/page.tsx 
[Server Component]

  Client Component 
SSR:
    ./src/app/super-a
dmin/page.tsx 
[Client Component 
SSR]
    ./src/app/super-a
dmin/page.tsx 
[Server Component]


./src/app/super-admin
/page.tsx:4:1
Export 
createInvitation 
doesn't exist in 
target module
[0m [90m 2 |[39m
 [90m 3 |[39m 
[36mimport[39m [33
mReact[39m[33m,[39
m { 
useState[33m,[39m 
useEffect } 
[36mfrom[39m [32m'
react'[39m[33m;[39
m
[31m[1m>[22m[39m
[90m 4 |[39m 
[36mimport[39m { ge
tInvitations[33m,[3
9m createInvitation[
33m,[39m 
deleteInvitation } 
[36mfrom[39m [32m'
@/services/dataServic
e'[39m[33m;[39m
 [90m   |[39m [31m
[1m^[22m[39m[31m
[1m^[22m[39m[31m[
1m^[22m[39m[31m[1
m^[22m[39m[31m[1m
^[22m[39m[31m[1m^
[22m[39m[31m[1m^
[22m[39m[31m[1m^[
22m[39m[31m[1m^[2
2m[39m[31m[1m^[22
m[39m[31m[1m^[22m
[39m[31m[1m^[22m
[39m[31m[1m^[22m[
39m[31m[1m^[22m[3
9m[31m[1m^[22m[39
m[31m[1m^[22m[39m
[31m[1m^[22m[39m
[31m[1m^[22m[39m[
31m[1m^[22m[39m[3
1m[1m^[22m[39m[31
m[1m^[22m[39m[31m
[1m^[22m[39m[31m
[1m^[22m[39m[31m[
1m^[22m[39m[31m[1
m^[22m[39m[31m[1m
^[22m[39m[31m[1m^
[22m[39m[31m[1m^
[22m[39m[31m[1m^[
22m[39m[31m[1m^[2
2m[39m[31m[1m^[22
m[39m[31m[1m^[22m
[39m[31m[1m^[22m
[39m[31m[1m^[22m[
39m[31m[1m^[22m[3
9m[31m[1m^[22m[39
m[31m[1m^[22m[39m
[31m[1m^[22m[39m
[31m[1m^[22m[39m[
31m[1m^[22m[39m[3
1m[1m^[22m[39m[31
m[1m^[22m[39m[31m
[1m^[22m[39m[31m
[1m^[22m[39m[31m[
1m^[22m[39m[31m[1
m^[22m[39m[31m[1m
^[22m[39m[31m[1m^
[22m[39m[31m[1m^
[22m[39m[31m[1m^[
22m[39m[31m[1m^[2
2m[39m[31m[1m^[22
m[39m[31m[1m^[22m
[39m[31m[1m^[22m
[39m[31m[1m^[22m[
39m[31m[1m^[22m[3
9m[31m[1m^[22m[39
m[31m[1m^[22m[39m
[31m[1m^[22m[39m
[31m[1m^[22m[39m[
31m[1m^[22m[39m[3
1m[1m^[22m[39m[31
m[1m^[22m[39m[31m
[1m^[22m[39m[31m
[1m^[22m[39m[31m[
1m^[22m[39m[31m[1
m^[22m[39m[31m[1m
^[22m[39m[31m[1m^
[22m[39m[31m[1m^
[22m[39m[31m[1m^[
22m[39m[31m[1m^[2
2m[39m[31m[1m^[22
m[39m[31m[1m^[22m
[39m[31m[1m^[22m
[39m[31m[1m^[22m[
39m[31m[1m^[22m[3
9m[31m[1m^[22m[39
m[31m[1m^[22m[39m
[31m[1m^[22m[39m
[31m[1m^[22m[39m[
31m[1m^[22m[39m[3
1m[1m^[22m[39m[31
m[1m^[22m[39m[31m
[1m^[22m[39m[31m
[1m^[22m[39m[31m[
1m^[22m[39m[31m[1
m^[22m[39m[31m[1m
^[22m[39m[31m[1m^
[22m[39m[31m[1m^
[22m[39m[31m[1m^[
22m[39m
 [90m 5 |[39m 
[36mimport[39m { [
33mPlus[39m[33m,[3
9m [33mTrash2[39m[
33m,[39m [33mCopy[
39m[33m,[39m [33mC
heck[39m[33m,[39m 
[33mShieldAlert[39m
 } [36mfrom[39m [3
2m'lucide-react'[39m
[33m;[39m
 [90m 6 |[39m 
[36mimport[39m { 
[33mButton[39m } 
[36mfrom[39m [32m'
@/components/ui/Butto
n'[39m[33m;[39m
 [90m 7 |[39m[0m

The export 
createInvitation was 
not found in module [
project]/src/services
/dataService.ts 
[app-ssr] 
(ecmascript).
Did you mean to 
import 
createAppointment?
All exports of the 
module are 
statically known (It 
doesn't have dynamic 
exports). So it's 
known statically 
that the requested 
export doesn't exist.

Import traces:
  Client Component 
Browser:
    ./src/app/super-a
dmin/page.tsx 
[Client Component 
Browser]
    ./src/app/super-a
dmin/page.tsx 
[Server Component]

  Client Component 
SSR:
    ./src/app/super-a
dmin/page.tsx 
[Client Component 
SSR]
    ./src/app/super-a
dmin/page.tsx 
[Server Component]


./src/app/super-admin
/page.tsx:4:1
Export 
deleteInvitation 
doesn't exist in 
target module
[0m [90m 2 |[39m
 [90m 3 |[39m 
[36mimport[39m [33
mReact[39m[33m,[39
m { 
useState[33m,[39m 
useEffect } 
[36mfrom[39m [32m'
react'[39m[33m;[39
m
[31m[1m>[22m[39m
[90m 4 |[39m 
[36mimport[39m { ge
tInvitations[33m,[3
9m createInvitation[
33m,[39m 
deleteInvitation } 
[36mfrom[39m [32m'
@/services/dataServic
e'[39m[33m;[39m
 [90m   |[39m [31m
[1m^[22m[39m[31m
[1m^[22m[39m[31m[
1m^[22m[39m[31m[1
m^[22m[39m[31m[1m
^[22m[39m[31m[1m^
[22m[39m[31m[1m^
[22m[39m[31m[1m^[
22m[39m[31m[1m^[2
2m[39m[31m[1m^[22
m[39m[31m[1m^[22m
[39m[31m[1m^[22m
[39m[31m[1m^[22m[
39m[31m[1m^[22m[3
9m[31m[1m^[22m[39
m[31m[1m^[22m[39m
[31m[1m^[22m[39m
[31m[1m^[22m[39m[
31m[1m^[22m[39m[3
1m[1m^[22m[39m[31
m[1m^[22m[39m[31m
[1m^[22m[39m[31m
[1m^[22m[39m[31m[
1m^[22m[39m[31m[1
m^[22m[39m[31m[1m
^[22m[39m[31m[1m^
[22m[39m[31m[1m^
[22m[39m[31m[1m^[
22m[39m[31m[1m^[2
2m[39m[31m[1m^[22
m[39m[31m[1m^[22m
[39m[31m[1m^[22m
[39m[31m[1m^[22m[
39m[31m[1m^[22m[3
9m[31m[1m^[22m[39
m[31m[1m^[22m[39m
[31m[1m^[22m[39m
[31m[1m^[22m[39m[
31m[1m^[22m[39m[3
1m[1m^[22m[39m[31
m[1m^[22m[39m[31m
[1m^[22m[39m[31m
[1m^[22m[39m[31m[
1m^[22m[39m[31m[1
m^[22m[39m[31m[1m
^[22m[39m[31m[1m^
[22m[39m[31m[1m^
[22m[39m[31m[1m^[
22m[39m[31m[1m^[2
2m[39m[31m[1m^[22
m[39m[31m[1m^[22m
[39m[31m[1m^[22m
[39m[31m[1m^[22m[
39m[31m[1m^[22m[3
9m[31m[1m^[22m[39
m[31m[1m^[22m[39m
[31m[1m^[22m[39m
[31m[1m^[22m[39m[
31m[1m^[22m[39m[3
1m[1m^[22m[39m[31
m[1m^[22m[39m[31m
[1m^[22m[39m[31m
[1m^[22m[39m[31m[
1m^[22m[39m[31m[1
m^[22m[39m[31m[1m
^[22m[39m[31m[1m^
[22m[39m[31m[1m^
[22m[39m[31m[1m^[
22m[39m[31m[1m^[2
2m[39m[31m[1m^[22
m[39m[31m[1m^[22m
[39m[31m[1m^[22m
[39m[31m[1m^[22m[
39m[31m[1m^[22m[3
9m[31m[1m^[22m[39
m[31m[1m^[22m[39m
[31m[1m^[22m[39m
[31m[1m^[22m[39m[
31m[1m^[22m[39m[3
1m[1m^[22m[39m[31
m[1m^[22m[39m[31m
[1m^[22m[39m[31m
[1m^[22m[39m[31m[
1m^[22m[39m[31m[1
m^[22m[39m[31m[1m
^[22m[39m[31m[1m^
[22m[39m[31m[1m^
[22m[39m[31m[1m^[
22m[39m
 [90m 5 |[39m 
[36mimport[39m { [
33mPlus[39m[33m,[3
9m [33mTrash2[39m[
33m,[39m [33mCopy[
39m[33m,[39m [33mC
heck[39m[33m,[39m 
[33mShieldAlert[39m
 } [36mfrom[39m [3
2m'lucide-react'[39m
[33m;[39m
 [90m 6 |[39m 
[36mimport[39m { 
[33mButton[39m } 
[36mfrom[39m [32m'
@/components/ui/Butto
n'[39m[33m;[39m
 [90m 7 |[39m[0m

The export 
deleteInvitation was 
not found in module [
project]/src/services
/dataService.ts 
[app-client] 
(ecmascript).
Did you mean to 
import deleteStaff?
All exports of the 
module are 
statically known (It 
doesn't have dynamic 
exports). So it's 
known statically 
that the requested 
export doesn't exist.

Import traces:
  Client Component 
Browser:
    ./src/app/super-a
dmin/page.tsx 
[Client Component 
Browser]
    ./src/app/super-a
dmin/page.tsx 
[Server Component]

  Client Component 
SSR:
    ./src/app/super-a
dmin/page.tsx 
[Client Component 
SSR]
    ./src/app/super-a
dmin/page.tsx 
[Server Component]


./src/app/super-admin
/page.tsx:4:1
Export 
deleteInvitation 
doesn't exist in 
target module
[0m [90m 2 |[39m
 [90m 3 |[39m 
[36mimport[39m [33
mReact[39m[33m,[39
m { 
useState[33m,[39m 
useEffect } 
[36mfrom[39m [32m'
react'[39m[33m;[39
m
[31m[1m>[22m[39m
[90m 4 |[39m 
[36mimport[39m { ge
tInvitations[33m,[3
9m createInvitation[
33m,[39m 
deleteInvitation } 
[36mfrom[39m [32m'
@/services/dataServic
e'[39m[33m;[39m
 [90m   |[39m [31m
[1m^[22m[39m[31m
[1m^[22m[39m[31m[
1m^[22m[39m[31m[1
m^[22m[39m[31m[1m
^[22m[39m[31m[1m^
[22m[39m[31m[1m^
[22m[39m[31m[1m^[
22m[39m[31m[1m^[2
2m[39m[31m[1m^[22
m[39m[31m[1m^[22m
[39m[31m[1m^[22m
[39m[31m[1m^[22m[
39m[31m[1m^[22m[3
9m[31m[1m^[22m[39
m[31m[1m^[22m[39m
[31m[1m^[22m[39m
[31m[1m^[22m[39m[
31m[1m^[22m[39m[3
1m[1m^[22m[39m[31
m[1m^[22m[39m[31m
[1m^[22m[39m[31m
[1m^[22m[39m[31m[
1m^[22m[39m[31m[1
m^[22m[39m[31m[1m
^[22m[39m[31m[1m^
[22m[39m[31m[1m^
[22m[39m[31m[1m^[
22m[39m[31m[1m^[2
2m[39m[31m[1m^[22
m[39m[31m[1m^[22m
[39m[31m[1m^[22m
[39m[31m[1m^[22m[
39m[31m[1m^[22m[3
9m[31m[1m^[22m[39
m[31m[1m^[22m[39m
[31m[1m^[22m[39m
[31m[1m^[22m[39m[
31m[1m^[22m[39m[3
1m[1m^[22m[39m[31
m[1m^[22m[39m[31m
[1m^[22m[39m[31m
[1m^[22m[39m[31m[
1m^[22m[39m[31m[1
m^[22m[39m[31m[1m
^[22m[39m[31m[1m^
[22m[39m[31m[1m^
[22m[39m[31m[1m^[
22m[39m[31m[1m^[2
2m[39m[31m[1m^[22
m[39m[31m[1m^[22m
[39m[31m[1m^[22m
[39m[31m[1m^[22m[
39m[31m[1m^[22m[3
9m[31m[1m^[22m[39
m[31m[1m^[22m[39m
[31m[1m^[22m[39m
[31m[1m^[22m[39m[
31m[1m^[22m[39m[3
1m[1m^[22m[39m[31
m[1m^[22m[39m[31m
[1m^[22m[39m[31m
[1m^[22m[39m[31m[
1m^[22m[39m[31m[1
m^[22m[39m[31m[1m
^[22m[39m[31m[1m^
[22m[39m[31m[1m^
[22m[39m[31m[1m^[
22m[39m[31m[1m^[2
2m[39m[31m[1m^[22
m[39m[31m[1m^[22m
[39m[31m[1m^[22m
[39m[31m[1m^[22m[
39m[31m[1m^[22m[3
9m[31m[1m^[22m[39
m[31m[1m^[22m[39m
[31m[1m^[22m[39m
[31m[1m^[22m[39m[
31m[1m^[22m[39m[3
1m[1m^[22m[39m[31
m[1m^[22m[39m[31m
[1m^[22m[39m[31m
[1m^[22m[39m[31m[
1m^[22m[39m[31m[1
m^[22m[39m[31m[1m
^[22m[39m[31m[1m^
[22m[39m[31m[1m^
[22m[39m[31m[1m^[
22m[39m
 [90m 5 |[39m 
[36mimport[39m { [
33mPlus[39m[33m,[3
9m [33mTrash2[39m[
33m,[39m [33mCopy[
39m[33m,[39m [33mC
heck[39m[33m,[39m 
[33mShieldAlert[39m
 } [36mfrom[39m [3
2m'lucide-react'[39m
[33m;[39m
 [90m 6 |[39m 
[36mimport[39m { 
[33mButton[39m } 
[36mfrom[39m [32m'
@/components/ui/Butto
n'[39m[33m;[39m
 [90m 7 |[39m[0m

The export 
deleteInvitation was 
not found in module [
project]/src/services
/dataService.ts 
[app-ssr] 
(ecmascript).
Did you mean to 
import deleteStaff?
All exports of the 
module are 
statically known (It 
doesn't have dynamic 
exports). So it's 
known statically 
that the requested 
export doesn't exist.

Import traces:
  Client Component 
Browser:
    ./src/app/super-a
dmin/page.tsx 
[Client Component 
Browser]
    ./src/app/super-a
dmin/page.tsx 
[Server Component]

  Client Component 
SSR:
    ./src/app/super-a
dmin/page.tsx 
[Client Component 
SSR]
    ./src/app/super-a
dmin/page.tsx 
[Server Component]


./src/app/portal/page
.tsx:5:1
Export getAppointment
sByEmail doesn't 
exist in target 
module
[0m [90m 3 |[39m 
[36mimport[39m [33
mReact[39m[33m,[39
m { 
useState[33m,[39m 
[33mSuspense[39m } 
[36mfrom[39m [32m'
react'[39m[33m;[39
m
 [90m 4 |[39m 
[36mimport[39m { 
useSearchParams } 
[36mfrom[39m [32m'
next/navigation'[39m
[33m;[39m
[31m[1m>[22m[39m
[90m 5 |[39m 
[36mimport[39m { ge
tAppointmentsByEmail
[33m,[39m 
cancelAppointment } 
[36mfrom[39m [32m'
@/services/dataServic
e'[39m[33m;[39m
 [90m   |[39m [31m
[1m^[22m[39m[31m
[1m^[22m[39m[31m[
1m^[22m[39m[31m[1
m^[22m[39m[31m[1m
^[22m[39m[31m[1m^
[22m[39m[31m[1m^
[22m[39m[31m[1m^[
22m[39m[31m[1m^[2
2m[39m[31m[1m^[22
m[39m[31m[1m^[22m
[39m[31m[1m^[22m
[39m[31m[1m^[22m[
39m[31m[1m^[22m[3
9m[31m[1m^[22m[39
m[31m[1m^[22m[39m
[31m[1m^[22m[39m
[31m[1m^[22m[39m[
31m[1m^[22m[39m[3
1m[1m^[22m[39m[31
m[1m^[22m[39m[31m
[1m^[22m[39m[31m
[1m^[22m[39m[31m[
1m^[22m[39m[31m[1
m^[22m[39m[31m[1m
^[22m[39m[31m[1m^
[22m[39m[31m[1m^
[22m[39m[31m[1m^[
22m[39m[31m[1m^[2
2m[39m[31m[1m^[22
m[39m[31m[1m^[22m
[39m[31m[1m^[22m
[39m[31m[1m^[22m[
39m[31m[1m^[22m[3
9m[31m[1m^[22m[39
m[31m[1m^[22m[39m
[31m[1m^[22m[39m
[31m[1m^[22m[39m[
31m[1m^[22m[39m[3
1m[1m^[22m[39m[31
m[1m^[22m[39m[31m
[1m^[22m[39m[31m
[1m^[22m[39m[31m[
1m^[22m[39m[31m[1
m^[22m[39m[31m[1m
^[22m[39m[31m[1m^
[22m[39m[31m[1m^
[22m[39m[31m[1m^[
22m[39m[31m[1m^[2
2m[39m[31m[1m^[22
m[39m[31m[1m^[22m
[39m[31m[1m^[22m
[39m[31m[1m^[22m[
39m[31m[1m^[22m[3
9m[31m[1m^[22m[39
m[31m[1m^[22m[39m
[31m[1m^[22m[39m
[31m[1m^[22m[39m[
31m[1m^[22m[39m[3
1m[1m^[22m[39m[31
m[1m^[22m[39m[31m
[1m^[22m[39m[31m
[1m^[22m[39m[31m[
1m^[22m[39m[31m[1
m^[22m[39m[31m[1m
^[22m[39m[31m[1m^
[22m[39m[31m[1m^
[22m[39m[31m[1m^[
22m[39m[31m[1m^[2
2m[39m[31m[1m^[22
m[39m[31m[1m^[22m
[39m[31m[1m^[22m
[39m[31m[1m^[22m[
39m[31m[1m^[22m[3
9m[31m[1m^[22m[39
m[31m[1m^[22m[39m
[31m[1m^[22m[39m
[31m[1m^[22m[39m[
31m[1m^[22m[39m[3
1m[1m^[22m[39m
 [90m 6 |[39m 
[36mimport[39m { [
33mAppointment[39m 
} [36mfrom[39m [32
m'@/types'[39m[33m;
[39m
 [90m 7 |[39m 
[36mimport[39m { [
33mCalendar[39m[33m
,[39m [33mClock[39
m[33m,[39m [33mMap
Pin[39m[33m,[39m 
[33mXCircle[39m[33m
,[39m [33mSearch[3
9m[33m,[39m 
[33mMail[39m } 
[36mfrom[39m [32m'
lucide-react'[39m[3
3m;[39m
 [90m 8 |[39m 
[36mimport[39m { 
[33mButton[39m } 
[36mfrom[39m [32m'
@/components/ui/Butto
n'[39m[33m;[39m[0
m

The export getAppoint
mentsByEmail was not 
found in module [proj
ect]/src/services/dat
aService.ts 
[app-client] 
(ecmascript).
Did you mean to 
import 
getAppointments?
All exports of the 
module are 
statically known (It 
doesn't have dynamic 
exports). So it's 
known statically 
that the requested 
export doesn't exist.

Import traces:
  Client Component 
Browser:
    ./src/app/portal/
page.tsx [Client 
Component Browser]
    ./src/app/portal/
page.tsx [Server 
Component]

  Client Component 
SSR:
    ./src/app/portal/
page.tsx [Client 
Component SSR]
    ./src/app/portal/
page.tsx [Server 
Component]


./src/app/portal/page
.tsx:5:1
Export getAppointment
sByEmail doesn't 
exist in target 
module
[0m [90m 3 |[39m 
[36mimport[39m [33
mReact[39m[33m,[39
m { 
useState[33m,[39m 
[33mSuspense[39m } 
[36mfrom[39m [32m'
react'[39m[33m;[39
m
 [90m 4 |[39m 
[36mimport[39m { 
useSearchParams } 
[36mfrom[39m [32m'
next/navigation'[39m
[33m;[39m
[31m[1m>[22m[39m
[90m 5 |[39m 
[36mimport[39m { ge
tAppointmentsByEmail
[33m,[39m 
cancelAppointment } 
[36mfrom[39m [32m'
@/services/dataServic
e'[39m[33m;[39m
 [90m   |[39m [31m
[1m^[22m[39m[31m
[1m^[22m[39m[31m[
1m^[22m[39m[31m[1
m^[22m[39m[31m[1m
^[22m[39m[31m[1m^
[22m[39m[31m[1m^
[22m[39m[31m[1m^[
22m[39m[31m[1m^[2
2m[39m[31m[1m^[22
m[39m[31m[1m^[22m
[39m[31m[1m^[22m
[39m[31m[1m^[22m[
39m[31m[1m^[22m[3
9m[31m[1m^[22m[39
m[31m[1m^[22m[39m
[31m[1m^[22m[39m
[31m[1m^[22m[39m[
31m[1m^[22m[39m[3
1m[1m^[22m[39m[31
m[1m^[22m[39m[31m
[1m^[22m[39m[31m
[1m^[22m[39m[31m[
1m^[22m[39m[31m[1
m^[22m[39m[31m[1m
^[22m[39m[31m[1m^
[22m[39m[31m[1m^
[22m[39m[31m[1m^[
22m[39m[31m[1m^[2
2m[39m[31m[1m^[22
m[39m[31m[1m^[22m
[39m[31m[1m^[22m
[39m[31m[1m^[22m[
39m[31m[1m^[22m[3
9m[31m[1m^[22m[39
m[31m[1m^[22m[39m
[31m[1m^[22m[39m
[31m[1m^[22m[39m[
31m[1m^[22m[39m[3
1m[1m^[22m[39m[31
m[1m^[22m[39m[31m
[1m^[22m[39m[31m
[1m^[22m[39m[31m[
1m^[22m[39m[31m[1
m^[22m[39m[31m[1m
^[22m[39m[31m[1m^
[22m[39m[31m[1m^
[22m[39m[31m[1m^[
22m[39m[31m[1m^[2
2m[39m[31m[1m^[22
m[39m[31m[1m^[22m
[39m[31m[1m^[22m
[39m[31m[1m^[22m[
39m[31m[1m^[22m[3
9m[31m[1m^[22m[39
m[31m[1m^[22m[39m
[31m[1m^[22m[39m
[31m[1m^[22m[39m[
31m[1m^[22m[39m[3
1m[1m^[22m[39m[31
m[1m^[22m[39m[31m
[1m^[22m[39m[31m
[1m^[22m[39m[31m[
1m^[22m[39m[31m[1
m^[22m[39m[31m[1m
^[22m[39m[31m[1m^
[22m[39m[31m[1m^
[22m[39m[31m[1m^[
22m[39m[31m[1m^[2
2m[39m[31m[1m^[22
m[39m[31m[1m^[22m
[39m[31m[1m^[22m
[39m[31m[1m^[22m[
39m[31m[1m^[22m[3
9m[31m[1m^[22m[39
m[31m[1m^[22m[39m
[31m[1m^[22m[39m
[31m[1m^[22m[39m[
31m[1m^[22m[39m[3
1m[1m^[22m[39m
 [90m 6 |[39m 
[36mimport[39m { [
33mAppointment[39m 
} [36mfrom[39m [32
m'@/types'[39m[33m;
[39m
 [90m 7 |[39m 
[36mimport[39m { [
33mCalendar[39m[33m
,[39m [33mClock[39
m[33m,[39m [33mMap
Pin[39m[33m,[39m 
[33mXCircle[39m[33m
,[39m [33mSearch[3
9m[33m,[39m 
[33mMail[39m } 
[36mfrom[39m [32m'
lucide-react'[39m[3
3m;[39m
 [90m 8 |[39m 
[36mimport[39m { 
[33mButton[39m } 
[36mfrom[39m [32m'
@/components/ui/Butto
n'[39m[33m;[39m[0
m

The export getAppoint
mentsByEmail was not 
found in module [proj
ect]/src/services/dat
aService.ts 
[app-ssr] 
(ecmascript).
Did you mean to 
import 
getAppointments?
All exports of the 
module are 
statically known (It 
doesn't have dynamic 
exports). So it's 
known statically 
that the requested 
export doesn't exist.

Import traces:
  Client Component 
Browser:
    ./src/app/portal/
page.tsx [Client 
Component Browser]
    ./src/app/portal/
page.tsx [Server 
Component]

  Client Component 
SSR:
    ./src/app/portal/
page.tsx [Client 
Component SSR]
    ./src/app/portal/
page.tsx [Server 
Component]


./src/app/super-admin
/page.tsx:4:1
Export 
getInvitations 
doesn't exist in 
target module
[0m [90m 2 |[39m
 [90m 3 |[39m 
[36mimport[39m [33
mReact[39m[33m,[39
m { 
useState[33m,[39m 
useEffect } 
[36mfrom[39m [32m'
react'[39m[33m;[39
m
[31m[1m>[22m[39m
[90m 4 |[39m 
[36mimport[39m { ge
tInvitations[33m,[3
9m createInvitation[
33m,[39m 
deleteInvitation } 
[36mfrom[39m [32m'
@/services/dataServic
e'[39m[33m;[39m
 [90m   |[39m [31m
[1m^[22m[39m[31m
[1m^[22m[39m[31m[
1m^[22m[39m[31m[1
m^[22m[39m[31m[1m
^[22m[39m[31m[1m^
[22m[39m[31m[1m^
[22m[39m[31m[1m^[
22m[39m[31m[1m^[2
2m[39m[31m[1m^[22
m[39m[31m[1m^[22m
[39m[31m[1m^[22m
[39m[31m[1m^[22m[
39m[31m[1m^[22m[3
9m[31m[1m^[22m[39
m[31m[1m^[22m[39m
[31m[1m^[22m[39m
[31m[1m^[22m[39m[
31m[1m^[22m[39m[3
1m[1m^[22m[39m[31
m[1m^[22m[39m[31m
[1m^[22m[39m[31m
[1m^[22m[39m[31m[
1m^[22m[39m[31m[1
m^[22m[39m[31m[1m
^[22m[39m[31m[1m^
[22m[39m[31m[1m^
[22m[39m[31m[1m^[
22m[39m[31m[1m^[2
2m[39m[31m[1m^[22
m[39m[31m[1m^[22m
[39m[31m[1m^[22m
[39m[31m[1m^[22m[
39m[31m[1m^[22m[3
9m[31m[1m^[22m[39
m[31m[1m^[22m[39m
[31m[1m^[22m[39m
[31m[1m^[22m[39m[
31m[1m^[22m[39m[3
1m[1m^[22m[39m[31
m[1m^[22m[39m[31m
[1m^[22m[39m[31m
[1m^[22m[39m[31m[
1m^[22m[39m[31m[1
m^[22m[39m[31m[1m
^[22m[39m[31m[1m^
[22m[39m[31m[1m^
[22m[39m[31m[1m^[
22m[39m[31m[1m^[2
2m[39m[31m[1m^[22
m[39m[31m[1m^[22m
[39m[31m[1m^[22m
[39m[31m[1m^[22m[
39m[31m[1m^[22m[3
9m[31m[1m^[22m[39
m[31m[1m^[22m[39m
[31m[1m^[22m[39m
[31m[1m^[22m[39m[
31m[1m^[22m[39m[3
1m[1m^[22m[39m[31
m[1m^[22m[39m[31m
[1m^[22m[39m[31m
[1m^[22m[39m[31m[
1m^[22m[39m[31m[1
m^[22m[39m[31m[1m
^[22m[39m[31m[1m^
[22m[39m[31m[1m^
[22m[39m[31m[1m^[
22m[39m[31m[1m^[2
2m[39m[31m[1m^[22
m[39m[31m[1m^[22m
[39m[31m[1m^[22m
[39m[31m[1m^[22m[
39m[31m[1m^[22m[3
9m[31m[1m^[22m[39
m[31m[1m^[22m[39m
[31m[1m^[22m[39m
[31m[1m^[22m[39m[
31m[1m^[22m[39m[3
1m[1m^[22m[39m[31
m[1m^[22m[39m[31m
[1m^[22m[39m[31m
[1m^[22m[39m[31m[
1m^[22m[39m[31m[1
m^[22m[39m[31m[1m
^[22m[39m[31m[1m^
[22m[39m[31m[1m^
[22m[39m[31m[1m^[
22m[39m
 [90m 5 |[39m 
[36mimport[39m { [
33mPlus[39m[33m,[3
9m [33mTrash2[39m[
33m,[39m [33mCopy[
39m[33m,[39m [33mC
heck[39m[33m,[39m 
[33mShieldAlert[39m
 } [36mfrom[39m [3
2m'lucide-react'[39m
[33m;[39m
 [90m 6 |[39m 
[36mimport[39m { 
[33mButton[39m } 
[36mfrom[39m [32m'
@/components/ui/Butto
n'[39m[33m;[39m
 [90m 7 |[39m[0m

The export 
getInvitations was 
not found in module [
project]/src/services
/dataService.ts 
[app-client] 
(ecmascript).
Did you mean to 
import 
getAppointments?
All exports of the 
module are 
statically known (It 
doesn't have dynamic 
exports). So it's 
known statically 
that the requested 
export doesn't exist.

Import traces:
  Client Component 
Browser:
    ./src/app/super-a
dmin/page.tsx 
[Client Component 
Browser]
    ./src/app/super-a
dmin/page.tsx 
[Server Component]

  Client Component 
SSR:
    ./src/app/super-a
dmin/page.tsx 
[Client Component 
SSR]
    ./src/app/super-a
dmin/page.tsx 
[Server Component]


./src/app/super-admin
/page.tsx:4:1
Export 
getInvitations 
doesn't exist in 
target module
[0m [90m 2 |[39m
 [90m 3 |[39m 
[36mimport[39m [33
mReact[39m[33m,[39
m { 
useState[33m,[39m 
useEffect } 
[36mfrom[39m [32m'
react'[39m[33m;[39
m
[31m[1m>[22m[39m
[90m 4 |[39m 
[36mimport[39m { ge
tInvitations[33m,[3
9m createInvitation[
33m,[39m 
deleteInvitation } 
[36mfrom[39m [32m'
@/services/dataServic
e'[39m[33m;[39m
 [90m   |[39m [31m
[1m^[22m[39m[31m
[1m^[22m[39m[31m[
1m^[22m[39m[31m[1
m^[22m[39m[31m[1m
^[22m[39m[31m[1m^
[22m[39m[31m[1m^
[22m[39m[31m[1m^[
22m[39m[31m[1m^[2
2m[39m[31m[1m^[22
m[39m[31m[1m^[22m
[39m[31m[1m^[22m
[39m[31m[1m^[22m[
39m[31m[1m^[22m[3
9m[31m[1m^[22m[39
m[31m[1m^[22m[39m
[31m[1m^[22m[39m
[31m[1m^[22m[39m[
31m[1m^[22m[39m[3
1m[1m^[22m[39m[31
m[1m^[22m[39m[31m
[1m^[22m[39m[31m
[1m^[22m[39m[31m[
1m^[22m[39m[31m[1
m^[22m[39m[31m[1m
^[22m[39m[31m[1m^
[22m[39m[31m[1m^
[22m[39m[31m[1m^[
22m[39m[31m[1m^[2
2m[39m[31m[1m^[22
m[39m[31m[1m^[22m
[39m[31m[1m^[22m
[39m[31m[1m^[22m[
39m[31m[1m^[22m[3
9m[31m[1m^[22m[39
m[31m[1m^[22m[39m
[31m[1m^[22m[39m
[31m[1m^[22m[39m[
31m[1m^[22m[39m[3
1m[1m^[22m[39m[31
m[1m^[22m[39m[31m
[1m^[22m[39m[31m
[1m^[22m[39m[31m[
1m^[22m[39m[31m[1
m^[22m[39m[31m[1m
^[22m[39m[31m[1m^
[22m[39m[31m[1m^
[22m[39m[31m[1m^[
22m[39m[31m[1m^[2
2m[39m[31m[1m^[22
m[39m[31m[1m^[22m
[39m[31m[1m^[22m
[39m[31m[1m^[22m[
39m[31m[1m^[22m[3
9m[31m[1m^[22m[39
m[31m[1m^[22m[39m
[31m[1m^[22m[39m
[31m[1m^[22m[39m[
31m[1m^[22m[39m[3
1m[1m^[22m[39m[31
m[1m^[22m[39m[31m
[1m^[22m[39m[31m
[1m^[22m[39m[31m[
1m^[22m[39m[31m[1
m^[22m[39m[31m[1m
^[22m[39m[31m[1m^
[22m[39m[31m[1m^
[22m[39m[31m[1m^[
22m[39m[31m[1m^[2
2m[39m[31m[1m^[22
m[39m[31m[1m^[22m
[39m[31m[1m^[22m
[39m[31m[1m^[22m[
39m[31m[1m^[22m[3
9m[31m[1m^[22m[39
m[31m[1m^[22m[39m
[31m[1m^[22m[39m
[31m[1m^[22m[39m[
31m[1m^[22m[39m[3
1m[1m^[22m[39m[31
m[1m^[22m[39m[31m
[1m^[22m[39m[31m
[1m^[22m[39m[31m[
1m^[22m[39m[31m[1
m^[22m[39m[31m[1m
^[22m[39m[31m[1m^
[22m[39m[31m[1m^
[22m[39m[31m[1m^[
22m[39m
 [90m 5 |[39m 
[36mimport[39m { [
33mPlus[39m[33m,[3
9m [33mTrash2[39m[
33m,[39m [33mCopy[
39m[33m,[39m [33mC
heck[39m[33m,[39m 
[33mShieldAlert[39m
 } [36mfrom[39m [3
2m'lucide-react'[39m
[33m;[39m
 [90m 6 |[39m 
[36mimport[39m { 
[33mButton[39m } 
[36mfrom[39m [32m'
@/components/ui/Butto
n'[39m[33m;[39m
 [90m 7 |[39m[0m

The export 
getInvitations was 
not found in module [
project]/src/services
/dataService.ts 
[app-ssr] 
(ecmascript).
Did you mean to 
import 
getAppointments?
All exports of the 
module are 
statically known (It 
doesn't have dynamic 
exports). So it's 
known statically 
that the requested 
export doesn't exist.

Import traces:
  Client Component 
Browser:
    ./src/app/super-a
dmin/page.tsx 
[Client Component 
Browser]
    ./src/app/super-a
dmin/page.tsx 
[Server Component]

  Client Component 
SSR:
    ./src/app/super-a
dmin/page.tsx 
[Client Component 
SSR]
    ./src/app/super-a
dmin/page.tsx 
[Server Component]


    at <unknown> (./s
rc/app/super-admin/pa
ge.tsx:4:1)
    at <unknown> (./s
rc/app/super-admin/pa
ge.tsx:4:1)
    at <unknown> (./s
rc/app/super-admin/pa
ge.tsx:4:1)
    at <unknown> (./s
rc/app/super-admin/pa
ge.tsx:4:1)
    at <unknown> (./s
rc/app/portal/page.ts
x:5:1)
    at <unknown> (./s
rc/app/portal/page.ts
x:5:1)
    at <unknown> (./s
rc/app/super-admin/pa
ge.tsx:4:1)
    at <unknown> (./s
rc/app/super-admin/pa
ge.tsx:4:1)
